// Jest Snapshot v1, https://goo.gl/fbAQLP

exports[`ThemeProvider it should return default theme wihtout any input props 1`] = `undefined`;
