// Jest Snapshot v1, https://goo.gl/fbAQLP

exports[`Slider should render with default styles 1`] = `
.c0 {
  display: -webkit-box;
  display: -webkit-flex;
  display: -ms-flexbox;
  display: flex;
  position: relative;
  min-width: 200px;
  -webkit-align-items: center;
  -webkit-box-align: center;
  -ms-flex-align: center;
  align-items: center;
}

.c1 {
  display: block;
  position: relative;
  width: 100%;
  height: 26px;
}

.c4 {
  top: 0;
  position: absolute;
  border-radius: 100%;
  border-color: #C3D1EB;
  background-color: #ffffff;
  box-shadow: 0 0 0 1px rgba(196,210,235,0.3);
  text-indent: -3333px;
  overflow: hidden;
  -webkit-text-decoration: none;
  text-decoration: none;
  text-align: center;
  outline: 0;
  border-style: solid;
  border-width: 1px;
  width: 26px;
  height: 26px;
  cursor: pointer;
}

.c4:hover {
  border-color: #0E86FE;
  background-color: #ffffff;
  box-shadow: 0 0 0 2px rgba(196,210,235,0.3);
}

.c3 {
  position: absolute;
  margin: 0;
  padding: 0;
  border-radius: 5px;
  left: 0;
  height: 10px;
  top: 0;
  pointer-events: none;
  background-color: #0E86FE;
  border-bottom-right-radius: 0px;
  border-top-right-radius: 0px;
}

.c2 {
  position: relative;
  margin: 0;
  padding: 0;
  top: 50%;
  left: 0;
  height: 10px;
  margin-top: -4px;
  background-repeat: repeat-x;
  border-radius: 5px;
  border-color: #95ABD3;
  width: 100%;
  background-color: #D8E2F5;
  cursor: pointer;
}

<div
  aria-valuemax={2}
  aria-valuemin={1}
  aria-valuenow={1}
  className="c0"
  disabled={false}
>
  <div
    className="c1"
    disabled={false}
    size="medium"
  >
    <div
      className="c2"
      onMouseDown={[Function]}
      onMouseUp={[Function]}
      onTouchEnd={[Function]}
      onTouchStart={[Function]}
      size="medium"
    >
      <div
        className="c3"
        disabled={false}
        size="medium"
        style={
          Object {
            "width": 0,
          }
        }
        width={0}
      />
    </div>
    <div
      className="c4"
      onMouseDown={[Function]}
      onMouseEnter={[Function]}
      onMouseLeave={[Function]}
      size="medium"
      style={
        Object {
          "left": "0px",
        }
      }
    />
    <div
      style={
        Object {
          "display": "none",
          "height": 0,
          "position": "absolute",
          "visibility": "hidden",
          "width": 0,
        }
      }
    />
  </div>
</div>
`;
